[22:35:47] [main/INFO] [com.velocitypowered.proxy.VelocityServer]: Booting up Velocity 3.4.0-SNAPSHOT (git-965db127-b454)...
[22:35:48] [main/INFO] [com.velocitypowered.proxy.VelocityServer]: Loading localizations...
[22:35:50] [main/INFO] [com.velocitypowered.proxy.network.ConnectionManager]: Connections will use epoll channels, libdeflate (Linux x86_64) compression, OpenSSL 3.x.x (Linux x86_64) ciphers
[22:35:51] [main/WARN] [com.velocitypowered.proxy.config.VelocityConfiguration]: The proxy is running in offline mode! This is a security risk and you will NOT receive any support!
[22:35:51] [main/WARN] [com.velocitypowered.proxy.config.VelocityConfiguration]: Player info forwarding is disabled! All players will appear to be connecting from the proxy and will have offline-mode UUIDs.
[22:35:52] [main/INFO] [com.velocitypowered.proxy.config.VelocityConfiguration]: Unable to load your server-icon.png, continuing without it.
java.lang.IllegalArgumentException: Image is not 64x64 (found 160x160)
	at com.google.common.base.Preconditions.checkArgument(Preconditions.java:299) ~[bungee.jar:3.4.0-SNAPSHOT (git-965db127-b454)]
	at com.velocitypowered.api.util.Favicon.create(Favicon.java:82) ~[bungee.jar:3.4.0-SNAPSHOT (git-965db127-b454)]
	at com.velocitypowered.api.util.Favicon.create(Favicon.java:107) ~[bungee.jar:3.4.0-SNAPSHOT (git-965db127-b454)]
	at com.velocitypowered.proxy.config.VelocityConfiguration.loadFavicon(VelocityConfiguration.java:242) ~[bungee.jar:3.4.0-SNAPSHOT (git-965db127-b454)]
	at com.velocitypowered.proxy.config.VelocityConfiguration.validate(VelocityConfiguration.java:233) ~[bungee.jar:3.4.0-SNAPSHOT (git-965db127-b454)]
	at com.velocitypowered.proxy.VelocityServer.doStartupConfigLoad(VelocityServer.java:388) ~[bungee.jar:3.4.0-SNAPSHOT (git-965db127-b454)]
	at com.velocitypowered.proxy.VelocityServer.start(VelocityServer.java:276) ~[bungee.jar:3.4.0-SNAPSHOT (git-965db127-b454)]
	at com.velocitypowered.proxy.Velocity.main(Velocity.java:71) ~[bungee.jar:3.4.0-SNAPSHOT (git-965db127-b454)]
[22:35:52] [main/INFO] [com.velocitypowered.proxy.VelocityServer]: Loading plugins...
[22:35:55] [main/INFO] [com.velocitypowered.proxy.plugin.VelocityPluginManager]: Loaded plugin eaglerxvelocity 1.1.5 by lax1dude, ayunami2000
[22:35:56] [main/INFO] [eaglerxserver]: Loading EaglercraftXServer 1.1.1...
[22:35:56] [main/INFO] [eaglerxserver]: (Platform: Velocity)
[22:35:56] [main/INFO] [eaglerxserver]: Server Name: "EaglercraftXServer"
[22:35:57] [main/INFO] [com.velocitypowered.proxy.plugin.VelocityPluginManager]: Loaded plugin eaglerxserver 1.1.1 by lax1dude
[22:35:57] [main/INFO] [com.velocitypowered.proxy.plugin.VelocityPluginManager]: Loaded plugin eaglermotd 1.0.4-velocity.1 by LstonStudios
[22:35:57] [main/INFO] [com.velocitypowered.proxy.plugin.VelocityPluginManager]: Loaded plugin eaglernotifications 1.0.0 by LstonStudios
[22:35:57] [main/INFO] [com.velocitypowered.proxy.plugin.VelocityPluginManager]: Loaded plugin luckperms 5.5.87 by Luck
[22:35:58] [main/INFO] [com.velocitypowered.proxy.VelocityServer]: Loaded 6 plugins
[22:35:59] [LuckPerms - Task Executor #0/INFO] [luckperms]: Loading configuration...
[22:36:02] [LuckPerms - Task Executor #0/INFO] [com.velocitypowered.proxy.console.VelocityConsole]:         __    
[22:36:02] [LuckPerms - Task Executor #0/INFO] [com.velocitypowered.proxy.console.VelocityConsole]:   |    |__)   LuckPerms v5.5.87
[22:36:03] [LuckPerms - Task Executor #0/INFO] [com.velocitypowered.proxy.console.VelocityConsole]:   |___ |      Running on Velocity
[22:36:03] [LuckPerms - Task Executor #0/INFO] [com.velocitypowered.proxy.console.VelocityConsole]: 
[22:36:04] [LuckPerms - Task Executor #0/INFO] [luckperms]: Loading storage provider... [H2]
[22:36:09] [LuckPerms - Task Executor #0/INFO] [luckperms]: Loading internal permission managers...
[22:36:09] [LuckPerms - Task Executor #0/INFO] [luckperms]: Performing initial data load...
[22:36:10] [LuckPerms - Task Executor #0/INFO] [luckperms]: Successfully enabled. (took 11936ms)
[22:36:10] [LuckPerms - Task Executor #0/WARN] [eaglerxvelocity]: This plugin is still in development, certain features may not be functional!
[22:36:10] [LuckPerms - Task Executor #0/WARN] [eaglerxvelocity]: Not recommended for public servers yet, please check for updates
[22:36:10] [LuckPerms - Task Executor #0/INFO] [eaglerxvelocity]: Loading vanilla profile: lax1dude
[22:36:12] [Netty epoll Worker #1/INFO] [eaglerxvelocity]: Loaded vanilla profile: lax1dude
[22:36:12] [LuckPerms - Task Executor #0/ERROR] [eaglerxvelocity]: Online mode is set to false! Authentication system has been disabled
[22:36:13] [Netty epoll Boss #0/INFO] [eaglerxvelocity]: Eaglercraft is listening on: /0.0.0.0:8081
[22:36:14] [LuckPerms - Task Executor #0/INFO] [eaglerxvelocity]: Connected to database: jdbc:sqlite:eaglercraft_skins_cache.db
[22:36:14] [LuckPerms - Task Executor #0/INFO] [eaglerxvelocity]: Voice chat disabled, add "allow_voice: true" to your listeners to enable
[22:36:14] [LuckPerms - Task Executor #0/WARN] [com.velocitypowered.proxy.network.ConnectionManager]: The server channel initializer has been replaced by java.base/jdk.internal.reflect.DirectMethodHandleAccessor.invoke(DirectMethodHandleAccessor.java:104)
[22:36:14] [LuckPerms - Task Executor #0/INFO] [eaglerxserver]: Enabling EaglercraftXServer 1.1.1...
[22:36:14] [LuckPerms - Task Executor #0/INFO] [eaglerxserver]: Connecting to skin cache database "jdbc:sqlite:eagler_skins_cache.db"...
[22:36:16] [LuckPerms - Task Executor #0/INFO] [eaglerxserver]: Connected to skin cache database successfully!
[22:36:16] [LuckPerms - Task Executor #0/INFO] [eaglermotd]: Loaded 1 EaglerMOTD message groups and 0 custom queries
[22:36:16] [Netty epoll Boss #1/INFO] [eaglerxserver]: Listener "listener0" injected into channel [id: 0x06f17911, L:/[0:0:0:0:0:0:0:0]:25565] successfully (Velocity method)
[22:36:16] [Netty epoll Boss #1/INFO] [com.velocitypowered.proxy.network.ConnectionManager]: Listening on /[0:0:0:0:0:0:0:0]:25565
[22:36:16] [main/INFO] [com.velocitypowered.proxy.Velocity]: Done (31.9s)!
[22:36:16] [Netty epoll Worker #0/INFO] [eaglerxserver]: You are running the latest version of EaglerXServer
[22:36:17] [Thread-7/INFO] [com.velocitypowered.proxy.VelocityServer]: Shutting down the proxy...
[22:36:17] [Thread-7/INFO] [com.velocitypowered.proxy.network.ConnectionManager]: Closing endpoint /0.0.0.0:25565
[22:36:17] [EaglercraftXVelocity - Task Executor #0/INFO] [eaglerxvelocity]: Eaglercraft listener closed: /0.0.0.0:8081
[22:36:17] [EaglercraftXVelocity - Task Executor #0/INFO] [eaglerxvelocity]: Successfully disconnected from database 'jdbc:sqlite:eaglercraft_skins_cache.db'
[22:36:17] [EaglercraftXVelocity - Task Executor #0/INFO] [eaglerxvelocity]: Stopping skin cache HTTP client...
[22:36:20] [EaglercraftXVelocity - Task Executor #0/INFO] [eaglerxserver]: Disabling EaglercraftXServer 1.1.1...
[22:36:20] [EaglercraftXVelocity - Task Executor #0/INFO] [eaglerxserver]: Disconnecting from skin cache database "jdbc:sqlite:eagler_skins_cache.db"...
[22:36:20] [EaglercraftXVelocity - Task Executor #0/INFO] [eaglerxserver]: Disconnected from skin cache database successfully!
[22:36:20] [EaglercraftXVelocity - Task Executor #0/INFO] [luckperms]: Starting shutdown process...
[22:36:20] [EaglercraftXVelocity - Task Executor #0/INFO] [luckperms]: Closing storage...
[22:36:20] [EaglercraftXVelocity - Task Executor #0/INFO] [luckperms]: Goodbye!
